-------------------------------
Date: Wed Mar  4 18:13:09 EST 2026
System Update:
 18:13:09 up  3:31,  2 users,  load average: 0.25, 0.93, 1.29

Memory Usage:
               total        used        free      shared  buff/cache   available
Mem:           3.3Gi       1.9Gi       119Mi        59Mi       1.3Gi       1.4Gi
Swap:          3.8Gi        63Mi       3.7Gi

Disk Usage:
Filesystem      Size  Used Avail Use% Mounted on
tmpfs           677M  1.9M  675M   1% /run
/dev/sda2        24G   11G   13G  46% /
tmpfs           1.7G     0  1.7G   0% /dev/shm
efivarfs        256K   12K  240K   5% /sys/firmware/efi/efivars
tmpfs           5.0M  8.0K  5.0M   1% /run/lock
tmpfs           1.0M     0  1.0M   0% /run/credentials/systemd-resolved.service
tmpfs           1.7G  5.6M  1.7G   1% /tmp
/dev/sda1       1.1G  6.3M  1.1G   1% /boot/efi
tmpfs           339M  108K  339M   1% /run/user/1000
tmpfs           1.0M     0  1.0M   0% /run/credentials/systemd-journald.service
tmpfs           339M   48K  339M   1% /run/user/0

-------------------------------
Date: Wed Mar  4 18:16:01 EST 2026
System Update:
 18:16:01 up  3:33,  2 users,  load average: 0.24, 0.63, 1.11

Memory Usage:
               total        used        free      shared  buff/cache   available
Mem:           3.3Gi       1.9Gi       115Mi        59Mi       1.3Gi       1.4Gi
Swap:          3.8Gi        63Mi       3.7Gi

Disk Usage:
Filesystem      Size  Used Avail Use% Mounted on
tmpfs           677M  1.9M  675M   1% /run
/dev/sda2        24G   11G   13G  46% /
tmpfs           1.7G     0  1.7G   0% /dev/shm
efivarfs        256K   12K  240K   5% /sys/firmware/efi/efivars
tmpfs           5.0M  8.0K  5.0M   1% /run/lock
tmpfs           1.0M     0  1.0M   0% /run/credentials/systemd-resolved.service
tmpfs           1.7G  5.6M  1.7G   1% /tmp
/dev/sda1       1.1G  6.3M  1.1G   1% /boot/efi
tmpfs           339M  108K  339M   1% /run/user/1000
tmpfs           1.0M     0  1.0M   0% /run/credentials/systemd-journald.service
tmpfs           339M   48K  339M   1% /run/user/0

-------------------------------
Date: Wed Mar  4 18:17:01 EST 2026
System Update:
 18:17:01 up  3:34,  2 users,  load average: 0.08, 0.51, 1.04

Memory Usage:
               total        used        free      shared  buff/cache   available
Mem:           3.3Gi       1.9Gi       114Mi        59Mi       1.3Gi       1.4Gi
Swap:          3.8Gi        63Mi       3.7Gi

Disk Usage:
Filesystem      Size  Used Avail Use% Mounted on
tmpfs           677M  1.9M  675M   1% /run
/dev/sda2        24G   11G   13G  46% /
tmpfs           1.7G     0  1.7G   0% /dev/shm
efivarfs        256K   12K  240K   5% /sys/firmware/efi/efivars
tmpfs           5.0M  8.0K  5.0M   1% /run/lock
tmpfs           1.0M     0  1.0M   0% /run/credentials/systemd-resolved.service
tmpfs           1.7G  5.6M  1.7G   1% /tmp
/dev/sda1       1.1G  6.3M  1.1G   1% /boot/efi
tmpfs           339M  108K  339M   1% /run/user/1000
tmpfs           1.0M     0  1.0M   0% /run/credentials/systemd-journald.service
tmpfs           339M   48K  339M   1% /run/user/0

-------------------------------
Date: Wed Mar  4 18:18:01 EST 2026
System Update:
 18:18:01 up  3:35,  2 users,  load average: 0.07, 0.43, 0.97

Memory Usage:
               total        used        free      shared  buff/cache   available
Mem:           3.3Gi       1.9Gi       114Mi        59Mi       1.3Gi       1.4Gi
Swap:          3.8Gi        63Mi       3.7Gi

Disk Usage:
Filesystem      Size  Used Avail Use% Mounted on
tmpfs           677M  1.9M  675M   1% /run
/dev/sda2        24G   11G   13G  46% /
tmpfs           1.7G     0  1.7G   0% /dev/shm
efivarfs        256K   12K  240K   5% /sys/firmware/efi/efivars
tmpfs           5.0M  8.0K  5.0M   1% /run/lock
tmpfs           1.0M     0  1.0M   0% /run/credentials/systemd-resolved.service
tmpfs           1.7G  5.6M  1.7G   1% /tmp
/dev/sda1       1.1G  6.3M  1.1G   1% /boot/efi
tmpfs           339M  108K  339M   1% /run/user/1000
tmpfs           1.0M     0  1.0M   0% /run/credentials/systemd-journald.service
tmpfs           339M   48K  339M   1% /run/user/0

-------------------------------
Date: Wed Mar  4 18:19:01 EST 2026
System Update:
 18:19:01 up  3:36,  2 users,  load average: 0.03, 0.35, 0.91

Memory Usage:
               total        used        free      shared  buff/cache   available
Mem:           3.3Gi       1.9Gi       114Mi        59Mi       1.3Gi       1.4Gi
Swap:          3.8Gi        63Mi       3.7Gi

Disk Usage:
Filesystem      Size  Used Avail Use% Mounted on
tmpfs           677M  1.9M  675M   1% /run
/dev/sda2        24G   11G   13G  46% /
tmpfs           1.7G     0  1.7G   0% /dev/shm
efivarfs        256K   12K  240K   5% /sys/firmware/efi/efivars
tmpfs           5.0M  8.0K  5.0M   1% /run/lock
tmpfs           1.0M     0  1.0M   0% /run/credentials/systemd-resolved.service
tmpfs           1.7G  5.6M  1.7G   1% /tmp
/dev/sda1       1.1G  6.3M  1.1G   1% /boot/efi
tmpfs           339M  108K  339M   1% /run/user/1000
tmpfs           1.0M     0  1.0M   0% /run/credentials/systemd-journald.service
tmpfs           339M   48K  339M   1% /run/user/0

-------------------------------
Date: Wed Mar  4 18:20:01 EST 2026
System Update:
 18:20:01 up  3:37,  2 users,  load average: 0.08, 0.30, 0.86

Memory Usage:
               total        used        free      shared  buff/cache   available
Mem:           3.3Gi       1.9Gi       114Mi        59Mi       1.3Gi       1.4Gi
Swap:          3.8Gi        63Mi       3.7Gi

Disk Usage:
Filesystem      Size  Used Avail Use% Mounted on
tmpfs           677M  1.9M  675M   1% /run
/dev/sda2        24G   11G   13G  46% /
tmpfs           1.7G     0  1.7G   0% /dev/shm
efivarfs        256K   12K  240K   5% /sys/firmware/efi/efivars
tmpfs           5.0M  8.0K  5.0M   1% /run/lock
tmpfs           1.0M     0  1.0M   0% /run/credentials/systemd-resolved.service
tmpfs           1.7G  5.6M  1.7G   1% /tmp
/dev/sda1       1.1G  6.3M  1.1G   1% /boot/efi
tmpfs           339M  108K  339M   1% /run/user/1000
tmpfs           1.0M     0  1.0M   0% /run/credentials/systemd-journald.service
tmpfs           339M   48K  339M   1% /run/user/0

-------------------------------
Date: Wed Mar  4 18:21:01 EST 2026
System Update:
 18:21:01 up  3:38,  2 users,  load average: 0.13, 0.29, 0.81

Memory Usage:
               total        used        free      shared  buff/cache   available
Mem:           3.3Gi       1.9Gi       114Mi        59Mi       1.3Gi       1.4Gi
Swap:          3.8Gi        63Mi       3.7Gi

Disk Usage:
Filesystem      Size  Used Avail Use% Mounted on
tmpfs           677M  1.9M  675M   1% /run
/dev/sda2        24G   11G   13G  46% /
tmpfs           1.7G     0  1.7G   0% /dev/shm
efivarfs        256K   12K  240K   5% /sys/firmware/efi/efivars
tmpfs           5.0M  8.0K  5.0M   1% /run/lock
tmpfs           1.0M     0  1.0M   0% /run/credentials/systemd-resolved.service
tmpfs           1.7G  5.6M  1.7G   1% /tmp
/dev/sda1       1.1G  6.3M  1.1G   1% /boot/efi
tmpfs           339M  108K  339M   1% /run/user/1000
tmpfs           1.0M     0  1.0M   0% /run/credentials/systemd-journald.service
tmpfs           339M   48K  339M   1% /run/user/0

-------------------------------
Date: Wed Mar  4 18:22:01 EST 2026
System Update:
 18:22:01 up  3:39,  2 users,  load average: 0.50, 0.34, 0.80

Memory Usage:
               total        used        free      shared  buff/cache   available
Mem:           3.3Gi       1.9Gi       114Mi        59Mi       1.3Gi       1.4Gi
Swap:          3.8Gi        63Mi       3.7Gi

Disk Usage:
Filesystem      Size  Used Avail Use% Mounted on
tmpfs           677M  1.9M  675M   1% /run
/dev/sda2        24G   11G   13G  46% /
tmpfs           1.7G     0  1.7G   0% /dev/shm
efivarfs        256K   12K  240K   5% /sys/firmware/efi/efivars
tmpfs           5.0M  8.0K  5.0M   1% /run/lock
tmpfs           1.0M     0  1.0M   0% /run/credentials/systemd-resolved.service
tmpfs           1.7G  5.6M  1.7G   1% /tmp
/dev/sda1       1.1G  6.3M  1.1G   1% /boot/efi
tmpfs           339M  108K  339M   1% /run/user/1000
tmpfs           1.0M     0  1.0M   0% /run/credentials/systemd-journald.service
tmpfs           339M   48K  339M   1% /run/user/0

-------------------------------
Date: Wed Mar  4 18:23:01 EST 2026
System Update:
 18:23:01 up  3:40,  2 users,  load average: 0.30, 0.32, 0.76

Memory Usage:
               total        used        free      shared  buff/cache   available
Mem:           3.3Gi       1.9Gi       114Mi        59Mi       1.3Gi       1.4Gi
Swap:          3.8Gi        63Mi       3.7Gi

Disk Usage:
Filesystem      Size  Used Avail Use% Mounted on
tmpfs           677M  1.9M  675M   1% /run
/dev/sda2        24G   11G   13G  46% /
tmpfs           1.7G     0  1.7G   0% /dev/shm
efivarfs        256K   12K  240K   5% /sys/firmware/efi/efivars
tmpfs           5.0M  8.0K  5.0M   1% /run/lock
tmpfs           1.0M     0  1.0M   0% /run/credentials/systemd-resolved.service
tmpfs           1.7G  5.6M  1.7G   1% /tmp
/dev/sda1       1.1G  6.3M  1.1G   1% /boot/efi
tmpfs           339M  108K  339M   1% /run/user/1000
tmpfs           1.0M     0  1.0M   0% /run/credentials/systemd-journald.service
tmpfs           339M   48K  339M   1% /run/user/0

-------------------------------
Date: Wed Mar  4 18:24:01 EST 2026
System Update:
 18:24:01 up  3:41,  2 users,  load average: 0.11, 0.26, 0.71

Memory Usage:
               total        used        free      shared  buff/cache   available
Mem:           3.3Gi       1.9Gi       114Mi        59Mi       1.3Gi       1.4Gi
Swap:          3.8Gi        63Mi       3.7Gi

Disk Usage:
Filesystem      Size  Used Avail Use% Mounted on
tmpfs           677M  1.9M  675M   1% /run
/dev/sda2        24G   11G   13G  46% /
tmpfs           1.7G     0  1.7G   0% /dev/shm
efivarfs        256K   12K  240K   5% /sys/firmware/efi/efivars
tmpfs           5.0M  8.0K  5.0M   1% /run/lock
tmpfs           1.0M     0  1.0M   0% /run/credentials/systemd-resolved.service
tmpfs           1.7G  5.6M  1.7G   1% /tmp
/dev/sda1       1.1G  6.3M  1.1G   1% /boot/efi
tmpfs           339M  108K  339M   1% /run/user/1000
tmpfs           1.0M     0  1.0M   0% /run/credentials/systemd-journald.service
tmpfs           339M   48K  339M   1% /run/user/0

-------------------------------
Date: Wed Mar  4 18:25:02 EST 2026
System Update:
 18:25:02 up  3:42,  2 users,  load average: 0.56, 0.35, 0.72

Memory Usage:
               total        used        free      shared  buff/cache   available
Mem:           3.3Gi       1.9Gi       114Mi        59Mi       1.3Gi       1.4Gi
Swap:          3.8Gi        63Mi       3.7Gi

Disk Usage:
Filesystem      Size  Used Avail Use% Mounted on
tmpfs           677M  1.9M  675M   1% /run
/dev/sda2        24G   11G   13G  46% /
tmpfs           1.7G     0  1.7G   0% /dev/shm
efivarfs        256K   12K  240K   5% /sys/firmware/efi/efivars
tmpfs           5.0M  8.0K  5.0M   1% /run/lock
tmpfs           1.0M     0  1.0M   0% /run/credentials/systemd-resolved.service
tmpfs           1.7G  5.6M  1.7G   1% /tmp
/dev/sda1       1.1G  6.3M  1.1G   1% /boot/efi
tmpfs           339M  108K  339M   1% /run/user/1000
tmpfs           1.0M     0  1.0M   0% /run/credentials/systemd-journald.service
tmpfs           339M   48K  339M   1% /run/user/0

-------------------------------
Date: Wed Mar  4 18:26:01 EST 2026
System Update:
 18:26:01 up  3:43,  2 users,  load average: 0.20, 0.29, 0.67

Memory Usage:
               total        used        free      shared  buff/cache   available
Mem:           3.3Gi       1.9Gi       114Mi        59Mi       1.3Gi       1.4Gi
Swap:          3.8Gi        63Mi       3.7Gi

Disk Usage:
Filesystem      Size  Used Avail Use% Mounted on
tmpfs           677M  1.9M  675M   1% /run
/dev/sda2        24G   11G   13G  46% /
tmpfs           1.7G     0  1.7G   0% /dev/shm
efivarfs        256K   12K  240K   5% /sys/firmware/efi/efivars
tmpfs           5.0M  8.0K  5.0M   1% /run/lock
tmpfs           1.0M     0  1.0M   0% /run/credentials/systemd-resolved.service
tmpfs           1.7G  5.6M  1.7G   1% /tmp
/dev/sda1       1.1G  6.3M  1.1G   1% /boot/efi
tmpfs           339M  108K  339M   1% /run/user/1000
tmpfs           1.0M     0  1.0M   0% /run/credentials/systemd-journald.service
tmpfs           339M   48K  339M   1% /run/user/0

-------------------------------
Date: Wed Mar  4 18:27:01 EST 2026
System Update:
 18:27:01 up  3:44,  2 users,  load average: 0.07, 0.23, 0.62

Memory Usage:
               total        used        free      shared  buff/cache   available
Mem:           3.3Gi       1.9Gi       114Mi        59Mi       1.3Gi       1.4Gi
Swap:          3.8Gi        63Mi       3.7Gi

Disk Usage:
Filesystem      Size  Used Avail Use% Mounted on
tmpfs           677M  1.9M  675M   1% /run
/dev/sda2        24G   11G   13G  46% /
tmpfs           1.7G     0  1.7G   0% /dev/shm
efivarfs        256K   12K  240K   5% /sys/firmware/efi/efivars
tmpfs           5.0M  8.0K  5.0M   1% /run/lock
tmpfs           1.0M     0  1.0M   0% /run/credentials/systemd-resolved.service
tmpfs           1.7G  5.6M  1.7G   1% /tmp
/dev/sda1       1.1G  6.3M  1.1G   1% /boot/efi
tmpfs           339M  108K  339M   1% /run/user/1000
tmpfs           1.0M     0  1.0M   0% /run/credentials/systemd-journald.service
tmpfs           339M   48K  339M   1% /run/user/0

-------------------------------
Date: Wed Mar  4 18:28:01 EST 2026
System Update:
 18:28:01 up  3:45,  2 users,  load average: 0.02, 0.19, 0.58

Memory Usage:
               total        used        free      shared  buff/cache   available
Mem:           3.3Gi       2.0Gi       114Mi        59Mi       1.3Gi       1.3Gi
Swap:          3.8Gi        68Mi       3.7Gi

Disk Usage:
Filesystem      Size  Used Avail Use% Mounted on
tmpfs           677M  1.9M  675M   1% /run
/dev/sda2        24G   11G   13G  46% /
tmpfs           1.7G     0  1.7G   0% /dev/shm
efivarfs        256K   12K  240K   5% /sys/firmware/efi/efivars
tmpfs           5.0M  8.0K  5.0M   1% /run/lock
tmpfs           1.0M     0  1.0M   0% /run/credentials/systemd-resolved.service
tmpfs           1.7G  5.6M  1.7G   1% /tmp
/dev/sda1       1.1G  6.3M  1.1G   1% /boot/efi
tmpfs           339M  108K  339M   1% /run/user/1000
tmpfs           1.0M     0  1.0M   0% /run/credentials/systemd-journald.service
tmpfs           339M   48K  339M   1% /run/user/0

-------------------------------
Date: Wed Mar  4 18:29:01 EST 2026
System Update:
 18:29:01 up  3:46,  2 users,  load average: 0.01, 0.15, 0.54

Memory Usage:
               total        used        free      shared  buff/cache   available
Mem:           3.3Gi       2.0Gi       114Mi        59Mi       1.3Gi       1.3Gi
Swap:          3.8Gi        68Mi       3.7Gi

Disk Usage:
Filesystem      Size  Used Avail Use% Mounted on
tmpfs           677M  1.9M  675M   1% /run
/dev/sda2        24G   11G   13G  46% /
tmpfs           1.7G     0  1.7G   0% /dev/shm
efivarfs        256K   12K  240K   5% /sys/firmware/efi/efivars
tmpfs           5.0M  8.0K  5.0M   1% /run/lock
tmpfs           1.0M     0  1.0M   0% /run/credentials/systemd-resolved.service
tmpfs           1.7G  5.6M  1.7G   1% /tmp
/dev/sda1       1.1G  6.3M  1.1G   1% /boot/efi
tmpfs           339M  108K  339M   1% /run/user/1000
tmpfs           1.0M     0  1.0M   0% /run/credentials/systemd-journald.service
tmpfs           339M   48K  339M   1% /run/user/0

-------------------------------
Date: Wed Mar  4 18:30:01 EST 2026
System Update:
 18:30:01 up  3:47,  2 users,  load average: 0.00, 0.12, 0.51

Memory Usage:
               total        used        free      shared  buff/cache   available
Mem:           3.3Gi       2.0Gi       113Mi        59Mi       1.3Gi       1.3Gi
Swap:          3.8Gi        68Mi       3.7Gi

Disk Usage:
Filesystem      Size  Used Avail Use% Mounted on
tmpfs           677M  1.9M  675M   1% /run
/dev/sda2        24G   11G   13G  46% /
tmpfs           1.7G     0  1.7G   0% /dev/shm
efivarfs        256K   12K  240K   5% /sys/firmware/efi/efivars
tmpfs           5.0M  8.0K  5.0M   1% /run/lock
tmpfs           1.0M     0  1.0M   0% /run/credentials/systemd-resolved.service
tmpfs           1.7G  5.6M  1.7G   1% /tmp
/dev/sda1       1.1G  6.3M  1.1G   1% /boot/efi
tmpfs           339M  108K  339M   1% /run/user/1000
tmpfs           1.0M     0  1.0M   0% /run/credentials/systemd-journald.service
tmpfs           339M   48K  339M   1% /run/user/0

-------------------------------
Date: Wed Mar  4 18:31:01 EST 2026
System Update:
 18:31:01 up  3:48,  2 users,  load average: 0.00, 0.10, 0.47

Memory Usage:
               total        used        free      shared  buff/cache   available
Mem:           3.3Gi       2.0Gi       113Mi        59Mi       1.3Gi       1.3Gi
Swap:          3.8Gi        68Mi       3.7Gi

Disk Usage:
Filesystem      Size  Used Avail Use% Mounted on
tmpfs           677M  1.9M  675M   1% /run
/dev/sda2        24G   11G   13G  46% /
tmpfs           1.7G     0  1.7G   0% /dev/shm
efivarfs        256K   12K  240K   5% /sys/firmware/efi/efivars
tmpfs           5.0M  8.0K  5.0M   1% /run/lock
tmpfs           1.0M     0  1.0M   0% /run/credentials/systemd-resolved.service
tmpfs           1.7G  5.6M  1.7G   1% /tmp
/dev/sda1       1.1G  6.3M  1.1G   1% /boot/efi
tmpfs           339M  108K  339M   1% /run/user/1000
tmpfs           1.0M     0  1.0M   0% /run/credentials/systemd-journald.service
tmpfs           339M   48K  339M   1% /run/user/0

-------------------------------
Date: Wed Mar  4 18:32:01 EST 2026
System Update:
 18:32:01 up  3:49,  2 users,  load average: 0.00, 0.08, 0.44

Memory Usage:
               total        used        free      shared  buff/cache   available
Mem:           3.3Gi       2.0Gi       113Mi        59Mi       1.3Gi       1.3Gi
Swap:          3.8Gi        68Mi       3.7Gi

Disk Usage:
Filesystem      Size  Used Avail Use% Mounted on
tmpfs           677M  1.9M  675M   1% /run
/dev/sda2        24G   11G   13G  46% /
tmpfs           1.7G     0  1.7G   0% /dev/shm
efivarfs        256K   12K  240K   5% /sys/firmware/efi/efivars
tmpfs           5.0M  8.0K  5.0M   1% /run/lock
tmpfs           1.0M     0  1.0M   0% /run/credentials/systemd-resolved.service
tmpfs           1.7G  5.6M  1.7G   1% /tmp
/dev/sda1       1.1G  6.3M  1.1G   1% /boot/efi
tmpfs           339M  108K  339M   1% /run/user/1000
tmpfs           1.0M     0  1.0M   0% /run/credentials/systemd-journald.service
tmpfs           339M   48K  339M   1% /run/user/0

-------------------------------
Date: Wed Mar  4 18:33:01 EST 2026
System Update:
 18:33:01 up  3:50,  2 users,  load average: 0.00, 0.06, 0.41

Memory Usage:
               total        used        free      shared  buff/cache   available
Mem:           3.3Gi       2.0Gi       113Mi        59Mi       1.3Gi       1.3Gi
Swap:          3.8Gi        68Mi       3.7Gi

Disk Usage:
Filesystem      Size  Used Avail Use% Mounted on
tmpfs           677M  1.9M  675M   1% /run
/dev/sda2        24G   11G   13G  46% /
tmpfs           1.7G     0  1.7G   0% /dev/shm
efivarfs        256K   12K  240K   5% /sys/firmware/efi/efivars
tmpfs           5.0M  8.0K  5.0M   1% /run/lock
tmpfs           1.0M     0  1.0M   0% /run/credentials/systemd-resolved.service
tmpfs           1.7G  5.6M  1.7G   1% /tmp
/dev/sda1       1.1G  6.3M  1.1G   1% /boot/efi
tmpfs           339M  108K  339M   1% /run/user/1000
tmpfs           1.0M     0  1.0M   0% /run/credentials/systemd-journald.service
tmpfs           339M   48K  339M   1% /run/user/0

-------------------------------
Date: Wed Mar  4 18:34:01 EST 2026
System Update:
 18:34:01 up  3:51,  2 users,  load average: 0.00, 0.05, 0.38

Memory Usage:
               total        used        free      shared  buff/cache   available
Mem:           3.3Gi       2.0Gi       113Mi        59Mi       1.3Gi       1.3Gi
Swap:          3.8Gi        68Mi       3.7Gi

Disk Usage:
Filesystem      Size  Used Avail Use% Mounted on
tmpfs           677M  1.9M  675M   1% /run
/dev/sda2        24G   11G   13G  46% /
tmpfs           1.7G     0  1.7G   0% /dev/shm
efivarfs        256K   12K  240K   5% /sys/firmware/efi/efivars
tmpfs           5.0M  8.0K  5.0M   1% /run/lock
tmpfs           1.0M     0  1.0M   0% /run/credentials/systemd-resolved.service
tmpfs           1.7G  5.6M  1.7G   1% /tmp
/dev/sda1       1.1G  6.3M  1.1G   1% /boot/efi
tmpfs           339M  108K  339M   1% /run/user/1000
tmpfs           1.0M     0  1.0M   0% /run/credentials/systemd-journald.service
tmpfs           339M   48K  339M   1% /run/user/0

-------------------------------
Date: Wed Mar  4 18:35:01 EST 2026
System Update:
 18:35:01 up  3:52,  2 users,  load average: 0.11, 0.07, 0.36

Memory Usage:
               total        used        free      shared  buff/cache   available
Mem:           3.3Gi       2.0Gi       113Mi        60Mi       1.3Gi       1.3Gi
Swap:          3.8Gi        68Mi       3.7Gi

Disk Usage:
Filesystem      Size  Used Avail Use% Mounted on
tmpfs           677M  1.9M  675M   1% /run
/dev/sda2        24G   11G   13G  46% /
tmpfs           1.7G     0  1.7G   0% /dev/shm
efivarfs        256K   12K  240K   5% /sys/firmware/efi/efivars
tmpfs           5.0M  8.0K  5.0M   1% /run/lock
tmpfs           1.0M     0  1.0M   0% /run/credentials/systemd-resolved.service
tmpfs           1.7G  5.6M  1.7G   1% /tmp
/dev/sda1       1.1G  6.3M  1.1G   1% /boot/efi
tmpfs           339M  108K  339M   1% /run/user/1000
tmpfs           1.0M     0  1.0M   0% /run/credentials/systemd-journald.service
tmpfs           339M   48K  339M   1% /run/user/0

-------------------------------
Date: Wed Mar  4 18:36:01 EST 2026
System Update:
 18:36:01 up  3:53,  2 users,  load average: 0.04, 0.05, 0.34

Memory Usage:
               total        used        free      shared  buff/cache   available
Mem:           3.3Gi       2.0Gi       111Mi        60Mi       1.3Gi       1.3Gi
Swap:          3.8Gi        68Mi       3.7Gi

Disk Usage:
Filesystem      Size  Used Avail Use% Mounted on
tmpfs           677M  1.9M  675M   1% /run
/dev/sda2        24G   11G   13G  46% /
tmpfs           1.7G     0  1.7G   0% /dev/shm
efivarfs        256K   12K  240K   5% /sys/firmware/efi/efivars
tmpfs           5.0M  8.0K  5.0M   1% /run/lock
tmpfs           1.0M     0  1.0M   0% /run/credentials/systemd-resolved.service
tmpfs           1.7G  5.6M  1.7G   1% /tmp
/dev/sda1       1.1G  6.3M  1.1G   1% /boot/efi
tmpfs           339M  108K  339M   1% /run/user/1000
tmpfs           1.0M     0  1.0M   0% /run/credentials/systemd-journald.service
tmpfs           339M   48K  339M   1% /run/user/0

-------------------------------
Date: Wed Mar  4 18:37:01 EST 2026
System Update:
 18:37:01 up  3:54,  2 users,  load average: 0.09, 0.06, 0.32

Memory Usage:
               total        used        free      shared  buff/cache   available
Mem:           3.3Gi       2.0Gi       111Mi        60Mi       1.3Gi       1.3Gi
Swap:          3.8Gi        68Mi       3.7Gi

Disk Usage:
Filesystem      Size  Used Avail Use% Mounted on
tmpfs           677M  1.9M  675M   1% /run
/dev/sda2        24G   11G   13G  46% /
tmpfs           1.7G     0  1.7G   0% /dev/shm
efivarfs        256K   12K  240K   5% /sys/firmware/efi/efivars
tmpfs           5.0M  8.0K  5.0M   1% /run/lock
tmpfs           1.0M     0  1.0M   0% /run/credentials/systemd-resolved.service
tmpfs           1.7G  5.6M  1.7G   1% /tmp
/dev/sda1       1.1G  6.3M  1.1G   1% /boot/efi
tmpfs           339M  108K  339M   1% /run/user/1000
tmpfs           1.0M     0  1.0M   0% /run/credentials/systemd-journald.service
tmpfs           339M   48K  339M   1% /run/user/0

-------------------------------
Date: Wed Mar  4 18:38:01 EST 2026
System Update:
 18:38:01 up  3:55,  2 users,  load average: 1.30, 0.34, 0.40

Memory Usage:
               total        used        free      shared  buff/cache   available
Mem:           3.3Gi       2.1Gi       113Mi        63Mi       1.2Gi       1.2Gi
Swap:          3.8Gi       109Mi       3.7Gi

Disk Usage:
Filesystem      Size  Used Avail Use% Mounted on
tmpfs           677M  1.9M  675M   1% /run
/dev/sda2        24G   11G   13G  46% /
tmpfs           1.7G     0  1.7G   0% /dev/shm
efivarfs        256K   12K  240K   5% /sys/firmware/efi/efivars
tmpfs           5.0M  8.0K  5.0M   1% /run/lock
tmpfs           1.0M     0  1.0M   0% /run/credentials/systemd-resolved.service
tmpfs           1.7G  5.6M  1.7G   1% /tmp
/dev/sda1       1.1G  6.3M  1.1G   1% /boot/efi
tmpfs           339M  108K  339M   1% /run/user/1000
tmpfs           1.0M     0  1.0M   0% /run/credentials/systemd-journald.service
tmpfs           339M   48K  339M   1% /run/user/0

-------------------------------
Date: Wed Mar  4 18:39:01 EST 2026
System Update:
 18:39:01 up  3:56,  2 users,  load average: 1.78, 0.70, 0.52

Memory Usage:
               total        used        free      shared  buff/cache   available
Mem:           3.3Gi       2.0Gi       150Mi        59Mi       1.1Gi       1.3Gi
Swap:          3.8Gi       153Mi       3.7Gi

Disk Usage:
Filesystem      Size  Used Avail Use% Mounted on
tmpfs           677M  1.9M  675M   1% /run
/dev/sda2        24G   11G   13G  46% /
tmpfs           1.7G     0  1.7G   0% /dev/shm
efivarfs        256K   12K  240K   5% /sys/firmware/efi/efivars
tmpfs           5.0M  8.0K  5.0M   1% /run/lock
tmpfs           1.0M     0  1.0M   0% /run/credentials/systemd-resolved.service
tmpfs           1.7G  5.6M  1.7G   1% /tmp
/dev/sda1       1.1G  6.3M  1.1G   1% /boot/efi
tmpfs           339M  108K  339M   1% /run/user/1000
tmpfs           1.0M     0  1.0M   0% /run/credentials/systemd-journald.service
tmpfs           339M   48K  339M   1% /run/user/0

-------------------------------
Date: Wed Mar  4 18:40:01 EST 2026
System Update:
 18:40:01 up  3:57,  2 users,  load average: 1.07, 0.68, 0.53

Memory Usage:
               total        used        free      shared  buff/cache   available
Mem:           3.3Gi       2.0Gi       303Mi        59Mi       1.1Gi       1.4Gi
Swap:          3.8Gi       227Mi       3.6Gi

Disk Usage:
Filesystem      Size  Used Avail Use% Mounted on
tmpfs           677M  1.9M  675M   1% /run
/dev/sda2        24G   11G   13G  46% /
tmpfs           1.7G     0  1.7G   0% /dev/shm
efivarfs        256K   12K  240K   5% /sys/firmware/efi/efivars
tmpfs           5.0M  8.0K  5.0M   1% /run/lock
tmpfs           1.0M     0  1.0M   0% /run/credentials/systemd-resolved.service
tmpfs           1.7G  5.6M  1.7G   1% /tmp
/dev/sda1       1.1G  6.3M  1.1G   1% /boot/efi
tmpfs           339M  108K  339M   1% /run/user/1000
tmpfs           1.0M     0  1.0M   0% /run/credentials/systemd-journald.service
tmpfs           339M   48K  339M   1% /run/user/0

-------------------------------
Date: Wed Mar  4 18:41:02 EST 2026
System Update:
 18:41:02 up  3:58,  2 users,  load average: 0.86, 0.69, 0.54

Memory Usage:
               total        used        free      shared  buff/cache   available
Mem:           3.3Gi       2.0Gi       216Mi        59Mi       1.2Gi       1.3Gi
Swap:          3.8Gi       233Mi       3.6Gi

Disk Usage:
Filesystem      Size  Used Avail Use% Mounted on
tmpfs           677M  1.9M  675M   1% /run
/dev/sda2        24G   11G   13G  46% /
tmpfs           1.7G     0  1.7G   0% /dev/shm
efivarfs        256K   12K  240K   5% /sys/firmware/efi/efivars
tmpfs           5.0M  8.0K  5.0M   1% /run/lock
tmpfs           1.0M     0  1.0M   0% /run/credentials/systemd-resolved.service
tmpfs           1.7G  5.6M  1.7G   1% /tmp
/dev/sda1       1.1G  6.3M  1.1G   1% /boot/efi
tmpfs           339M  108K  339M   1% /run/user/1000
tmpfs           1.0M     0  1.0M   0% /run/credentials/systemd-journald.service
tmpfs           339M   48K  339M   1% /run/user/0

-------------------------------
Date: Wed Mar  4 18:42:01 EST 2026
System Update:
 18:42:01 up  3:59,  2 users,  load average: 0.53, 0.63, 0.53

Memory Usage:
               total        used        free      shared  buff/cache   available
Mem:           3.3Gi       2.0Gi       181Mi        59Mi       1.3Gi       1.3Gi
Swap:          3.8Gi       237Mi       3.6Gi

Disk Usage:
Filesystem      Size  Used Avail Use% Mounted on
tmpfs           677M  1.9M  675M   1% /run
/dev/sda2        24G   11G   12G  47% /
tmpfs           1.7G     0  1.7G   0% /dev/shm
efivarfs        256K   12K  240K   5% /sys/firmware/efi/efivars
tmpfs           5.0M  8.0K  5.0M   1% /run/lock
tmpfs           1.0M     0  1.0M   0% /run/credentials/systemd-resolved.service
tmpfs           1.7G  5.6M  1.7G   1% /tmp
/dev/sda1       1.1G  6.3M  1.1G   1% /boot/efi
tmpfs           339M  108K  339M   1% /run/user/1000
tmpfs           1.0M     0  1.0M   0% /run/credentials/systemd-journald.service
tmpfs           339M   48K  339M   1% /run/user/0

-------------------------------
Date: Wed Mar  4 18:43:01 EST 2026
System Update:
 18:43:01 up  4:00,  2 users,  load average: 0.24, 0.53, 0.50

Memory Usage:
               total        used        free      shared  buff/cache   available
Mem:           3.3Gi       2.0Gi       171Mi        59Mi       1.3Gi       1.3Gi
Swap:          3.8Gi       237Mi       3.6Gi

Disk Usage:
Filesystem      Size  Used Avail Use% Mounted on
tmpfs           677M  1.9M  675M   1% /run
/dev/sda2        24G   11G   12G  47% /
tmpfs           1.7G     0  1.7G   0% /dev/shm
efivarfs        256K   12K  240K   5% /sys/firmware/efi/efivars
tmpfs           5.0M  8.0K  5.0M   1% /run/lock
tmpfs           1.0M     0  1.0M   0% /run/credentials/systemd-resolved.service
tmpfs           1.7G  5.6M  1.7G   1% /tmp
/dev/sda1       1.1G  6.3M  1.1G   1% /boot/efi
tmpfs           339M  108K  339M   1% /run/user/1000
tmpfs           1.0M     0  1.0M   0% /run/credentials/systemd-journald.service
tmpfs           339M   48K  339M   1% /run/user/0

-------------------------------
Date: Wed Mar  4 18:44:01 EST 2026
System Update:
 18:44:01 up  4:01,  2 users,  load average: 0.49, 0.51, 0.49

Memory Usage:
               total        used        free      shared  buff/cache   available
Mem:           3.3Gi       1.9Gi       209Mi        59Mi       1.3Gi       1.4Gi
Swap:          3.8Gi       237Mi       3.6Gi

Disk Usage:
Filesystem      Size  Used Avail Use% Mounted on
tmpfs           677M  1.9M  675M   1% /run
/dev/sda2        24G   11G   12G  47% /
tmpfs           1.7G     0  1.7G   0% /dev/shm
efivarfs        256K   12K  240K   5% /sys/firmware/efi/efivars
tmpfs           5.0M  8.0K  5.0M   1% /run/lock
tmpfs           1.0M     0  1.0M   0% /run/credentials/systemd-resolved.service
tmpfs           1.7G  5.6M  1.7G   1% /tmp
/dev/sda1       1.1G  6.3M  1.1G   1% /boot/efi
tmpfs           339M  108K  339M   1% /run/user/1000
tmpfs           1.0M     0  1.0M   0% /run/credentials/systemd-journald.service
tmpfs           339M   48K  339M   1% /run/user/0

